******************************************************************************
                  TI ARM Linker PC v16.9.4                     
******************************************************************************
>> Linked Wed Oct 18 10:29:21 2017

OUTPUT FILE NAME:   <lab15.out>
ENTRY POINT SYMBOL: "_c_int00"  address: 00000835


MEMORY CONFIGURATION

         name            origin    length      used     unused   attr    fill
----------------------  --------  ---------  --------  --------  ----  --------
  FLASH                 00000000   00040000  00000a38  0003f5c8  R  X
  SRAM                  20000000   00008000  0000007c  00007f84  RW X


SEGMENT ALLOCATION MAP

run origin  load origin   length   init length attrs members
----------  ----------- ---------- ----------- ----- -------
00000000    00000000    00000a3c   00000a3c    r-x
  00000000    00000000    0000026c   0000026c    r-- .intvecs
  0000026c    0000026c    0000073c   0000073c    r-x .text
  000009a8    000009a8    0000006c   0000006c    r-- .const
  00000a18    00000a18    00000024   00000024    r-- .cinit
20000000    20000000    0000007c   00000000    rw-
  20000000    20000000    00000064   00000000    rw- .stack
  20000064    20000064    00000018   00000000    rw- .data


SECTION ALLOCATION MAP

 output                                  attributes/
section   page    origin      length       input sections
--------  ----  ----------  ----------   ----------------
.intvecs   0    00000000    0000026c     
                  00000000    0000026c     tm4c123gh6pm_startup_ccs.obj (.intvecs)

.text      0    0000026c    0000073c     
                  0000026c    00000344     main.obj (.text)
                  000005b0    00000110     driverlib.lib : sysctl.obj (.text:SysCtlClockGet)
                  000006c0    0000009c     rtsv7M4_T_le_v4SPD16_eabi.lib : memcpy_t2.obj (.text)
                  0000075c    00000070                                   : autoinit.obj (.text)
                  000007cc    00000068                                   : copy_decompress_lzss.obj (.text:decompress:lzss)
                  00000834    00000054                                   : boot.obj (.text)
                  00000888    00000054                                   : exit.obj (.text)
                  000008dc    0000004c                                   : cpy_tbl.obj (.text)
                  00000928    00000022     driverlib.lib : pwm.obj (.text:PWMGenConfigure)
                  0000094a    00000002     rtsv7M4_T_le_v4SPD16_eabi.lib : mpu_init.obj (.text)
                  0000094c    00000018                                   : args_main.obj (.text)
                  00000964    00000014                                   : _lock.obj (.text)
                  00000978    00000010     driverlib.lib : pwm.obj (.text:PWMGenPeriodSet)
                  00000988    0000000e     rtsv7M4_T_le_v4SPD16_eabi.lib : copy_decompress_none.obj (.text:decompress:none)
                  00000996    0000000c     tm4c123gh6pm_startup_ccs.obj (.text)
                  000009a2    00000004     rtsv7M4_T_le_v4SPD16_eabi.lib : pre_init.obj (.text)
                  000009a6    00000002                                   : startup.obj (.text)

.const     0    000009a8    0000006c     
                  000009a8    0000006c     driverlib.lib : sysctl.obj (.const:g_pui32Xtals)

.cinit     0    00000a18    00000024     
                  00000a18    00000011     (.cinit..data.load) [load image, compression = lzss]
                  00000a29    00000003     --HOLE-- [fill = 0]
                  00000a2c    00000008     (__TI_handler_table)
                  00000a34    00000008     (__TI_cinit_table)

.init_array 
*          0    00000000    00000000     UNINITIALIZED

.stack     0    20000000    00000064     UNINITIALIZED
                  20000000    00000064     --HOLE--

.data      0    20000064    00000018     UNINITIALIZED
                  20000064    0000000c     rtsv7M4_T_le_v4SPD16_eabi.lib : exit.obj (.data:$O1$$)
                  20000070    00000008                                   : _lock.obj (.data:$O1$$)
                  20000078    00000004                                   : stkdepth_vars.obj (.data)

MODULE SUMMARY

       Module                         code   ro data   rw data
       ------                         ----   -------   -------
    .\
       main.obj                       836    0         0      
       tm4c123gh6pm_startup_ccs.obj   12     620       0      
    +--+------------------------------+------+---------+---------+
       Total:                         848    620       0      
                                                              
    C:/ti/TivaWare_C_Series-2.1.3.156/driverlib/ccs/Debug/driverlib.lib
       sysctl.obj                     272    108       0      
       pwm.obj                        50     0         0      
    +--+------------------------------+------+---------+---------+
       Total:                         322    108       0      
                                                              
    C:\Users\cordo\Downloads\ccsv7\tools\compiler\ti-cgt-arm_16.9.4.LTS\lib\rtsv7M4_T_le_v4SPD16_eabi.lib
       memcpy_t2.obj                  156    0         0      
       autoinit.obj                   112    0         0      
       copy_decompress_lzss.obj       104    0         0      
       exit.obj                       84     0         12     
       boot.obj                       84     0         0      
       cpy_tbl.obj                    76     0         0      
       _lock.obj                      20     0         8      
       args_main.obj                  24     0         0      
       copy_decompress_none.obj       14     0         0      
       pre_init.obj                   4      0         0      
       stkdepth_vars.obj              0      0         4      
       mpu_init.obj                   2      0         0      
       startup.obj                    2      0         0      
    +--+------------------------------+------+---------+---------+
       Total:                         682    0         24     
                                                              
       Stack:                         0      0         100    
       Linker Generated:              0      33        0      
    +--+------------------------------+------+---------+---------+
       Grand Total:                   1852   761       124    


LINKER GENERATED COPY TABLES

__TI_cinit_table @ 00000a34 records: 1, size/record: 8, table size: 8
	.data: load addr=00000a18, load size=00000011 bytes, run addr=20000064, run size=00000018 bytes, compression=lzss


LINKER GENERATED HANDLER TABLE

__TI_handler_table @ 00000a2c records: 2, size/record: 4, table size: 8
	index: 0, handler: __TI_decompress_lzss
	index: 1, handler: __TI_decompress_none


GLOBAL SYMBOLS: SORTED ALPHABETICALLY BY Name 

address   name                           
-------   ----                           
00000889  C$$EXIT                        
00000929  PWMGenConfigure                
00000979  PWMGenPeriodSet                
00000997  ResetISR                       
UNDEFED   SHT$$INIT_ARRAY$$Base          
UNDEFED   SHT$$INIT_ARRAY$$Limit         
000005b1  SysCtlClockGet                 
20000064  __STACK_END                    
00000064  __STACK_SIZE                   
20000200  __STACK_TOP                    
00000a34  __TI_CINIT_Base                
00000a3c  __TI_CINIT_Limit               
00000a2c  __TI_Handler_Table_Base        
00000a34  __TI_Handler_Table_Limit       
0000075d  __TI_auto_init                 
20000064  __TI_cleanup_ptr               
000007cd  __TI_decompress_lzss           
00000989  __TI_decompress_none           
20000068  __TI_dtors_ptr                 
2000006c  __TI_enable_exit_profile_output
ffffffff  __TI_pprof_out_hndl            
ffffffff  __TI_prof_data_size            
ffffffff  __TI_prof_data_start           
00000000  __TI_static_base__             
000006c1  __aeabi_memcpy                 
000006c1  __aeabi_memcpy4                
000006c1  __aeabi_memcpy8                
ffffffff  __binit__                      
ffffffff  __c_args__                     
0000094b  __mpu_init                     
20000000  __stack                        
0000094d  _args_main                     
00000835  _c_int00                       
20000070  _lock                          
00000973  _nop                           
0000096b  _register_lock                 
00000965  _register_unlock               
000009a7  _system_post_cinit             
000009a3  _system_pre_init               
20000074  _unlock                        
0000088d  abort                          
ffffffff  binit                          
000008dd  copy_in                        
00000895  exit                           
00000000  g_pfnVectors                   
0000026d  main                           
20000078  main_func_sp                   
000006c1  memcpy                         


GLOBAL SYMBOLS: SORTED BY Symbol Address 

address   name                           
-------   ----                           
00000000  __TI_static_base__             
00000000  g_pfnVectors                   
00000064  __STACK_SIZE                   
0000026d  main                           
000005b1  SysCtlClockGet                 
000006c1  __aeabi_memcpy                 
000006c1  __aeabi_memcpy4                
000006c1  __aeabi_memcpy8                
000006c1  memcpy                         
0000075d  __TI_auto_init                 
000007cd  __TI_decompress_lzss           
00000835  _c_int00                       
00000889  C$$EXIT                        
0000088d  abort                          
00000895  exit                           
000008dd  copy_in                        
00000929  PWMGenConfigure                
0000094b  __mpu_init                     
0000094d  _args_main                     
00000965  _register_unlock               
0000096b  _register_lock                 
00000973  _nop                           
00000979  PWMGenPeriodSet                
00000989  __TI_decompress_none           
00000997  ResetISR                       
000009a3  _system_pre_init               
000009a7  _system_post_cinit             
00000a2c  __TI_Handler_Table_Base        
00000a34  __TI_CINIT_Base                
00000a34  __TI_Handler_Table_Limit       
00000a3c  __TI_CINIT_Limit               
20000000  __stack                        
20000064  __STACK_END                    
20000064  __TI_cleanup_ptr               
20000068  __TI_dtors_ptr                 
2000006c  __TI_enable_exit_profile_output
20000070  _lock                          
20000074  _unlock                        
20000078  main_func_sp                   
20000200  __STACK_TOP                    
ffffffff  __TI_pprof_out_hndl            
ffffffff  __TI_prof_data_size            
ffffffff  __TI_prof_data_start           
ffffffff  __binit__                      
ffffffff  __c_args__                     
ffffffff  binit                          
UNDEFED   SHT$$INIT_ARRAY$$Base          
UNDEFED   SHT$$INIT_ARRAY$$Limit         

[48 symbols]
