******************************************************************************
                  TI ARM Linker PC v16.9.4                     
******************************************************************************
>> Linked Mon Oct 16 14:54:18 2017

OUTPUT FILE NAME:   <lab5.out>
ENTRY POINT SYMBOL: "_c_int00"  address: 00000ad1


MEMORY CONFIGURATION

         name            origin    length      used     unused   attr    fill
----------------------  --------  ---------  --------  --------  ----  --------
  FLASH                 00000000   00040000  00000e7e  0003f182  R  X
  SRAM                  20000000   00008000  00000098  00007f68  RW X


SEGMENT ALLOCATION MAP

run origin  load origin   length   init length attrs members
----------  ----------- ---------- ----------- ----- -------
00000000    00000000    00000e80   00000e80    r-x
  00000000    00000000    0000026c   0000026c    r-- .intvecs
  0000026c    0000026c    00000afe   00000afe    r-x .text
  00000d6c    00000d6c    000000dc   000000dc    r-- .const
  00000e48    00000e48    00000038   00000038    r-- .cinit
20000000    20000000    00000098   00000000    rw-
  20000000    20000000    00000064   00000000    rw- .stack
  20000064    20000064    0000001c   00000000    rw- .bss
  20000080    20000080    00000018   00000000    rw- .data


SECTION ALLOCATION MAP

 output                                  attributes/
section   page    origin      length       input sections
--------  ----  ----------  ----------   ----------------
.intvecs   0    00000000    0000026c     
                  00000000    0000026c     tm4c123gh6pm_startup_ccs.obj (.intvecs)

.text      0    0000026c    00000afe     
                  0000026c    000001a4     main.obj (.text)
                  00000410    00000132     driverlib.lib : gpio.obj (.text:GPIOPadConfigSet)
                  00000542    00000002     rtsv7M4_T_le_v4SPD16_eabi.lib : mpu_init.obj (.text)
                  00000544    00000110     driverlib.lib : sysctl.obj (.text:SysCtlClockGet)
                  00000654    000000f4                   : sysctl.obj (.text:SysCtlClockSet)
                  00000748    0000009c     rtsv7M4_T_le_v4SPD16_eabi.lib : memcpy_t2.obj (.text)
                  000007e4    0000007a     driverlib.lib : adc.obj (.text:ADCSequenceStepConfigure)
                  0000085e    0000007a     rtsv7M4_T_le_v4SPD16_eabi.lib : memset_t2.obj (.text)
                  000008d8    00000070                                   : autoinit.obj (.text)
                  00000948    00000068     driverlib.lib : interrupt.obj (.text:IntEnable)
                  000009b0    00000068     rtsv7M4_T_le_v4SPD16_eabi.lib : copy_decompress_lzss.obj (.text:decompress:lzss)
                  00000a18    00000060     driverlib.lib : timer.obj (.text:TimerConfigure)
                  00000a78    00000058                   : adc.obj (.text:ADCSequenceConfigure)
                  00000ad0    00000054     rtsv7M4_T_le_v4SPD16_eabi.lib : boot.obj (.text)
                  00000b24    00000054                                   : exit.obj (.text)
                  00000b78    0000004c                                   : cpy_tbl.obj (.text)
                  00000bc4    00000034     driverlib.lib : sysctl.obj (.text:SysCtlPeripheralEnable)
                  00000bf8    0000002e                   : adc.obj (.text:ADCIntStatus)
                  00000c26    0000002a                   : gpio.obj (.text:GPIODirModeSet)
                  00000c50    0000001e                   : adc.obj (.text:ADCSequenceDataGet)
                  00000c6e    00000018                   : adc.obj (.text:ADCProcessorTrigger)
                  00000c86    00000018                   : gpio.obj (.text:GPIOPinTypeGPIOOutput)
                  00000c9e    00000002     rtsv7M4_T_le_v4SPD16_eabi.lib : startup.obj (.text)
                  00000ca0    00000018                                   : args_main.obj (.text)
                  00000cb8    00000014                                   : _lock.obj (.text)
                  00000ccc    00000012     driverlib.lib : timer.obj (.text:TimerLoadSet)
                  00000cde    00000010                   : interrupt.obj (.text:IntMasterEnable)
                  00000cee    0000000e                   : adc.obj (.text:ADCHardwareOversampleConfigure)
                  00000cfc    0000000e                   : adc.obj (.text:ADCSequenceEnable)
                  00000d0a    0000000e                   : timer.obj (.text:TimerEnable)
                  00000d18    0000000e     rtsv7M4_T_le_v4SPD16_eabi.lib : copy_decompress_none.obj (.text:decompress:none)
                  00000d26    0000000c     driverlib.lib : cpu.obj (.text:CPUcpsie)
                  00000d32    0000000c     rtsv7M4_T_le_v4SPD16_eabi.lib : copy_zero_init.obj (.text:decompress:ZI)
                  00000d3e    0000000c     tm4c123gh6pm_startup_ccs.obj (.text)
                  00000d4a    0000000a     driverlib.lib : adc.obj (.text:ADCIntClear)
                  00000d54    00000008                   : timer.obj (.text:TimerIntEnable)
                  00000d5c    00000006                   : sysctl.obj (.text:SysCtlDelay)
                  00000d62    00000004                   : timer.obj (.text:TimerIntClear)
                  00000d66    00000004     rtsv7M4_T_le_v4SPD16_eabi.lib : pre_init.obj (.text)

.const     0    00000d6c    000000dc     
                  00000d6c    00000070     driverlib.lib : interrupt.obj (.const)
                  00000ddc    0000006c                   : sysctl.obj (.const:g_pui32Xtals)

.cinit     0    00000e48    00000038     
                  00000e48    00000011     (.cinit..data.load) [load image, compression = lzss]
                  00000e59    00000003     --HOLE-- [fill = 0]
                  00000e5c    0000000c     (__TI_handler_table)
                  00000e68    00000008     (.cinit..bss.load) [load image, compression = zero_init]
                  00000e70    00000010     (__TI_cinit_table)

.init_array 
*          0    00000000    00000000     UNINITIALIZED

.stack     0    20000000    00000064     UNINITIALIZED
                  20000000    00000064     --HOLE--

.bss       0    20000064    0000001c     UNINITIALIZED
                  20000064    00000010     (.common:ui32ADC0Value)
                  20000074    00000004     (.common:ui32TempAvg)
                  20000078    00000004     (.common:ui32TempValueC)
                  2000007c    00000004     (.common:ui32TempValueF)

.data      0    20000080    00000018     UNINITIALIZED
                  20000080    0000000c     rtsv7M4_T_le_v4SPD16_eabi.lib : exit.obj (.data:$O1$$)
                  2000008c    00000008                                   : _lock.obj (.data:$O1$$)
                  20000094    00000004                                   : stkdepth_vars.obj (.data)

MODULE SUMMARY

       Module                         code   ro data   rw data
       ------                         ----   -------   -------
    .\
       tm4c123gh6pm_startup_ccs.obj   12     620       0      
       main.obj                       420    0         28     
    +--+------------------------------+------+---------+---------+
       Total:                         432    620       28     
                                                              
    C:/ti/TivaWare_C_Series-2.1.3.156/driverlib/ccs/Debug/driverlib.lib
       sysctl.obj                     574    108       0      
       gpio.obj                       372    0         0      
       adc.obj                        348    0         0      
       interrupt.obj                  120    112       0      
       timer.obj                      140    0         0      
       cpu.obj                        12     0         0      
    +--+------------------------------+------+---------+---------+
       Total:                         1566   220       0      
                                                              
    C:\Users\cordo\Downloads\ccsv7\tools\compiler\ti-cgt-arm_16.9.4.LTS\lib\rtsv7M4_T_le_v4SPD16_eabi.lib
       memcpy_t2.obj                  156    0         0      
       memset_t2.obj                  122    0         0      
       autoinit.obj                   112    0         0      
       copy_decompress_lzss.obj       104    0         0      
       exit.obj                       84     0         12     
       boot.obj                       84     0         0      
       cpy_tbl.obj                    76     0         0      
       _lock.obj                      20     0         8      
       args_main.obj                  24     0         0      
       copy_decompress_none.obj       14     0         0      
       copy_zero_init.obj             12     0         0      
       pre_init.obj                   4      0         0      
       stkdepth_vars.obj              0      0         4      
       mpu_init.obj                   2      0         0      
       startup.obj                    2      0         0      
    +--+------------------------------+------+---------+---------+
       Total:                         816    0         24     
                                                              
       Stack:                         0      0         100    
       Linker Generated:              0      53        0      
    +--+------------------------------+------+---------+---------+
       Grand Total:                   2814   893       152    


LINKER GENERATED COPY TABLES

__TI_cinit_table @ 00000e70 records: 2, size/record: 8, table size: 16
	.data: load addr=00000e48, load size=00000011 bytes, run addr=20000080, run size=00000018 bytes, compression=lzss
	.bss: load addr=00000e68, load size=00000008 bytes, run addr=20000064, run size=0000001c bytes, compression=zero_init


LINKER GENERATED HANDLER TABLE

__TI_handler_table @ 00000e5c records: 3, size/record: 4, table size: 12
	index: 0, handler: __TI_decompress_lzss
	index: 1, handler: __TI_decompress_none
	index: 2, handler: __TI_zero_init


GLOBAL SYMBOLS: SORTED ALPHABETICALLY BY Name 

address   name                           
-------   ----                           
00000cef  ADCHardwareOversampleConfigure 
00000d4b  ADCIntClear                    
00000bf9  ADCIntStatus                   
00000c6f  ADCProcessorTrigger            
00000a79  ADCSequenceConfigure           
00000c51  ADCSequenceDataGet             
00000cfd  ADCSequenceEnable              
000007e5  ADCSequenceStepConfigure       
00000b25  C$$EXIT                        
00000d27  CPUcpsie                       
00000c27  GPIODirModeSet                 
00000411  GPIOPadConfigSet               
00000c87  GPIOPinTypeGPIOOutput          
00000949  IntEnable                      
00000cdf  IntMasterEnable                
00000327  IntTimer1Handler               
00000d3f  ResetISR                       
UNDEFED   SHT$$INIT_ARRAY$$Base          
UNDEFED   SHT$$INIT_ARRAY$$Limit         
00000545  SysCtlClockGet                 
00000655  SysCtlClockSet                 
00000d5d  SysCtlDelay                    
00000bc5  SysCtlPeripheralEnable         
00000a19  TimerConfigure                 
00000d0b  TimerEnable                    
00000d63  TimerIntClear                  
00000d55  TimerIntEnable                 
00000ccd  TimerLoadSet                   
20000064  __STACK_END                    
00000064  __STACK_SIZE                   
20000200  __STACK_TOP                    
00000e70  __TI_CINIT_Base                
00000e80  __TI_CINIT_Limit               
00000e5c  __TI_Handler_Table_Base        
00000e68  __TI_Handler_Table_Limit       
000008d9  __TI_auto_init                 
20000080  __TI_cleanup_ptr               
000009b1  __TI_decompress_lzss           
00000d19  __TI_decompress_none           
20000084  __TI_dtors_ptr                 
20000088  __TI_enable_exit_profile_output
ffffffff  __TI_pprof_out_hndl            
ffffffff  __TI_prof_data_size            
ffffffff  __TI_prof_data_start           
00000000  __TI_static_base__             
00000d33  __TI_zero_init                 
0000085f  __aeabi_memclr                 
0000085f  __aeabi_memclr4                
0000085f  __aeabi_memclr8                
00000749  __aeabi_memcpy                 
00000749  __aeabi_memcpy4                
00000749  __aeabi_memcpy8                
00000861  __aeabi_memset                 
00000861  __aeabi_memset4                
00000861  __aeabi_memset8                
ffffffff  __binit__                      
ffffffff  __c_args__                     
00000543  __mpu_init                     
20000000  __stack                        
00000ca1  _args_main                     
00000ad1  _c_int00                       
2000008c  _lock                          
00000cc7  _nop                           
00000cbf  _register_lock                 
00000cb9  _register_unlock               
00000c9f  _system_post_cinit             
00000d67  _system_pre_init               
20000090  _unlock                        
00000b29  abort                          
ffffffff  binit                          
00000b79  copy_in                        
00000b31  exit                           
00000000  g_pfnVectors                   
00000279  main                           
20000094  main_func_sp                   
00000749  memcpy                         
00000867  memset                         
20000064  ui32ADC0Value                  
20000074  ui32TempAvg                    
20000078  ui32TempValueC                 
2000007c  ui32TempValueF                 
0000026d  void__error__                  


GLOBAL SYMBOLS: SORTED BY Symbol Address 

address   name                           
-------   ----                           
00000000  __TI_static_base__             
00000000  g_pfnVectors                   
00000064  __STACK_SIZE                   
0000026d  void__error__                  
00000279  main                           
00000327  IntTimer1Handler               
00000411  GPIOPadConfigSet               
00000543  __mpu_init                     
00000545  SysCtlClockGet                 
00000655  SysCtlClockSet                 
00000749  __aeabi_memcpy                 
00000749  __aeabi_memcpy4                
00000749  __aeabi_memcpy8                
00000749  memcpy                         
000007e5  ADCSequenceStepConfigure       
0000085f  __aeabi_memclr                 
0000085f  __aeabi_memclr4                
0000085f  __aeabi_memclr8                
00000861  __aeabi_memset                 
00000861  __aeabi_memset4                
00000861  __aeabi_memset8                
00000867  memset                         
000008d9  __TI_auto_init                 
00000949  IntEnable                      
000009b1  __TI_decompress_lzss           
00000a19  TimerConfigure                 
00000a79  ADCSequenceConfigure           
00000ad1  _c_int00                       
00000b25  C$$EXIT                        
00000b29  abort                          
00000b31  exit                           
00000b79  copy_in                        
00000bc5  SysCtlPeripheralEnable         
00000bf9  ADCIntStatus                   
00000c27  GPIODirModeSet                 
00000c51  ADCSequenceDataGet             
00000c6f  ADCProcessorTrigger            
00000c87  GPIOPinTypeGPIOOutput          
00000c9f  _system_post_cinit             
00000ca1  _args_main                     
00000cb9  _register_unlock               
00000cbf  _register_lock                 
00000cc7  _nop                           
00000ccd  TimerLoadSet                   
00000cdf  IntMasterEnable                
00000cef  ADCHardwareOversampleConfigure 
00000cfd  ADCSequenceEnable              
00000d0b  TimerEnable                    
00000d19  __TI_decompress_none           
00000d27  CPUcpsie                       
00000d33  __TI_zero_init                 
00000d3f  ResetISR                       
00000d4b  ADCIntClear                    
00000d55  TimerIntEnable                 
00000d5d  SysCtlDelay                    
00000d63  TimerIntClear                  
00000d67  _system_pre_init               
00000e5c  __TI_Handler_Table_Base        
00000e68  __TI_Handler_Table_Limit       
00000e70  __TI_CINIT_Base                
00000e80  __TI_CINIT_Limit               
20000000  __stack                        
20000064  __STACK_END                    
20000064  ui32ADC0Value                  
20000074  ui32TempAvg                    
20000078  ui32TempValueC                 
2000007c  ui32TempValueF                 
20000080  __TI_cleanup_ptr               
20000084  __TI_dtors_ptr                 
20000088  __TI_enable_exit_profile_output
2000008c  _lock                          
20000090  _unlock                        
20000094  main_func_sp                   
20000200  __STACK_TOP                    
ffffffff  __TI_pprof_out_hndl            
ffffffff  __TI_prof_data_size            
ffffffff  __TI_prof_data_start           
ffffffff  __binit__                      
ffffffff  __c_args__                     
ffffffff  binit                          
UNDEFED   SHT$$INIT_ARRAY$$Base          
UNDEFED   SHT$$INIT_ARRAY$$Limit         

[82 symbols]
