******************************************************************************
                  TI ARM Linker PC v16.9.4                     
******************************************************************************
>> Linked Wed Oct 18 15:11:46 2017

OUTPUT FILE NAME:   <lab12.out>
ENTRY POINT SYMBOL: "_c_int00"  address: 000009d5


MEMORY CONFIGURATION

         name            origin    length      used     unused   attr    fill
----------------------  --------  ---------  --------  --------  ----  --------
  FLASH                 00000000   00040000  00000e34  0003f1cc  R  X
  SRAM                  20000000   00008000  0000007c  00007f84  RW X


SEGMENT ALLOCATION MAP

run origin  load origin   length   init length attrs members
----------  ----------- ---------- ----------- ----- -------
00000000    00000000    00000e34   00000e34    r-x
  00000000    00000000    0000026c   0000026c    r-- .intvecs
  0000026c    0000026c    00000aa8   00000aa8    r-x .text
  00000d14    00000d14    000000fc   000000fc    r-- .const
  00000e10    00000e10    00000024   00000024    r-- .cinit
20000000    20000000    0000007c   00000000    rw-
  20000000    20000000    00000064   00000000    rw- .stack
  20000064    20000064    00000018   00000000    rw- .data


SECTION ALLOCATION MAP

 output                                  attributes/
section   page    origin      length       input sections
--------  ----  ----------  ----------   ----------------
.intvecs   0    00000000    0000026c     
                  00000000    0000026c     tm4c123gh6pm_startup_ccs.obj (.intvecs)

.text      0    0000026c    00000aa8     
                  0000026c    000001e8     main.obj (.text)
                  00000454    00000132     driverlib.lib : gpio.obj (.text:GPIOPadConfigSet)
                  00000586    00000002     rtsv7M4_T_le_v4SPD16_eabi.lib : i_div0.obj (.text)
                  00000588    00000110     driverlib.lib : sysctl.obj (.text:SysCtlClockGet)
                  00000698    000000f4                   : sysctl.obj (.text:SysCtlClockSet)
                  0000078c    0000009c     rtsv7M4_T_le_v4SPD16_eabi.lib : memcpy_t2.obj (.text)
                  00000828    0000007a     driverlib.lib : adc.obj (.text:ADCSequenceStepConfigure)
                  000008a2    00000002     rtsv7M4_T_le_v4SPD16_eabi.lib : mpu_init.obj (.text)
                  000008a4    00000070                                   : autoinit.obj (.text)
                  00000914    00000068                                   : copy_decompress_lzss.obj (.text:decompress:lzss)
                  0000097c    00000058     driverlib.lib : adc.obj (.text:ADCSequenceConfigure)
                  000009d4    00000054     rtsv7M4_T_le_v4SPD16_eabi.lib : boot.obj (.text)
                  00000a28    00000054                                   : exit.obj (.text)
                  00000a7c    0000004c                                   : cpy_tbl.obj (.text)
                  00000ac8    00000048     driverlib.lib : gpio.obj (.text:GPIOPinConfigure)
                  00000b10    00000046                   : uart.obj (.text:UARTConfigSetExpClk)
                  00000b56    00000040     rtsv7M4_T_le_v4SPD16_eabi.lib : u_divt2.obj (.text)
                  00000b96    00000002                                   : startup.obj (.text)
                  00000b98    00000034     driverlib.lib : sysctl.obj (.text:SysCtlPeripheralEnable)
                  00000bcc    0000002e                   : adc.obj (.text:ADCIntStatus)
                  00000bfa    0000002a                   : gpio.obj (.text:GPIODirModeSet)
                  00000c24    00000020                   : uart.obj (.text:UARTDisable)
                  00000c44    0000001e                   : adc.obj (.text:ADCSequenceDataGet)
                  00000c62    00000018                   : adc.obj (.text:ADCProcessorTrigger)
                  00000c7a    00000002     --HOLE-- [fill = 0]
                  00000c7c    00000018     rtsv7M4_T_le_v4SPD16_eabi.lib : args_main.obj (.text)
                  00000c94    00000014     driverlib.lib : uart.obj (.text:UARTEnable)
                  00000ca8    00000014     rtsv7M4_T_le_v4SPD16_eabi.lib : _lock.obj (.text)
                  00000cbc    00000012     driverlib.lib : gpio.obj (.text:GPIOPinTypeUART)
                  00000cce    0000000e                   : adc.obj (.text:ADCSequenceEnable)
                  00000cdc    0000000e     rtsv7M4_T_le_v4SPD16_eabi.lib : copy_decompress_none.obj (.text:decompress:none)
                  00000cea    0000000c     tm4c123gh6pm_startup_ccs.obj (.text)
                  00000cf6    0000000a     driverlib.lib : adc.obj (.text:ADCIntClear)
                  00000d00    0000000a                   : uart.obj (.text:UARTCharPut)
                  00000d0a    00000006                   : sysctl.obj (.text:SysCtlDelay)
                  00000d10    00000004     rtsv7M4_T_le_v4SPD16_eabi.lib : pre_init.obj (.text)

.const     0    00000d14    000000fc     
                  00000d14    00000090     driverlib.lib : gpio.obj (.const:g_pui32GPIOBaseAddrs)
                  00000da4    0000006c                   : sysctl.obj (.const:g_pui32Xtals)

.cinit     0    00000e10    00000024     
                  00000e10    00000011     (.cinit..data.load) [load image, compression = lzss]
                  00000e21    00000003     --HOLE-- [fill = 0]
                  00000e24    00000008     (__TI_handler_table)
                  00000e2c    00000008     (__TI_cinit_table)

.init_array 
*          0    00000000    00000000     UNINITIALIZED

.stack     0    20000000    00000064     UNINITIALIZED
                  20000000    00000064     --HOLE--

.data      0    20000064    00000018     UNINITIALIZED
                  20000064    0000000c     rtsv7M4_T_le_v4SPD16_eabi.lib : exit.obj (.data:$O1$$)
                  20000070    00000008                                   : _lock.obj (.data:$O1$$)
                  20000078    00000004                                   : stkdepth_vars.obj (.data)

MODULE SUMMARY

       Module                         code   ro data   rw data
       ------                         ----   -------   -------
    .\
       tm4c123gh6pm_startup_ccs.obj   12     620       0      
       main.obj                       488    0         0      
    +--+------------------------------+------+---------+---------+
       Total:                         500    620       0      
                                                              
    C:/ti/TivaWare_C_Series-2.1.3.156/driverlib/ccs/Debug/driverlib.lib
       sysctl.obj                     574    108       0      
       gpio.obj                       438    144       0      
       adc.obj                        334    0         0      
       uart.obj                       132    0         0      
    +--+------------------------------+------+---------+---------+
       Total:                         1478   252       0      
                                                              
    C:\Users\cordo\Downloads\ccsv7\tools\compiler\ti-cgt-arm_16.9.4.LTS\lib\rtsv7M4_T_le_v4SPD16_eabi.lib
       memcpy_t2.obj                  156    0         0      
       autoinit.obj                   112    0         0      
       copy_decompress_lzss.obj       104    0         0      
       exit.obj                       84     0         12     
       boot.obj                       84     0         0      
       cpy_tbl.obj                    76     0         0      
       u_divt2.obj                    64     0         0      
       _lock.obj                      20     0         8      
       args_main.obj                  24     0         0      
       copy_decompress_none.obj       14     0         0      
       pre_init.obj                   4      0         0      
       stkdepth_vars.obj              0      0         4      
       i_div0.obj                     2      0         0      
       mpu_init.obj                   2      0         0      
       startup.obj                    2      0         0      
    +--+------------------------------+------+---------+---------+
       Total:                         748    0         24     
                                                              
       Stack:                         0      0         100    
       Linker Generated:              0      33        0      
    +--+------------------------------+------+---------+---------+
       Grand Total:                   2726   905       124    


LINKER GENERATED COPY TABLES

__TI_cinit_table @ 00000e2c records: 1, size/record: 8, table size: 8
	.data: load addr=00000e10, load size=00000011 bytes, run addr=20000064, run size=00000018 bytes, compression=lzss


LINKER GENERATED HANDLER TABLE

__TI_handler_table @ 00000e24 records: 2, size/record: 4, table size: 8
	index: 0, handler: __TI_decompress_lzss
	index: 1, handler: __TI_decompress_none


GLOBAL SYMBOLS: SORTED ALPHABETICALLY BY Name 

address   name                           
-------   ----                           
00000cf7  ADCIntClear                    
00000bcd  ADCIntStatus                   
00000c63  ADCProcessorTrigger            
0000097d  ADCSequenceConfigure           
00000c45  ADCSequenceDataGet             
00000ccf  ADCSequenceEnable              
00000829  ADCSequenceStepConfigure       
00000a29  C$$EXIT                        
00000bfb  GPIODirModeSet                 
00000455  GPIOPadConfigSet               
00000ac9  GPIOPinConfigure               
00000cbd  GPIOPinTypeUART                
00000ceb  ResetISR                       
UNDEFED   SHT$$INIT_ARRAY$$Base          
UNDEFED   SHT$$INIT_ARRAY$$Limit         
00000589  SysCtlClockGet                 
00000699  SysCtlClockSet                 
00000d0b  SysCtlDelay                    
00000b99  SysCtlPeripheralEnable         
00000d01  UARTCharPut                    
00000b11  UARTConfigSetExpClk            
00000c25  UARTDisable                    
00000c95  UARTEnable                     
20000064  __STACK_END                    
00000064  __STACK_SIZE                   
20000200  __STACK_TOP                    
00000e2c  __TI_CINIT_Base                
00000e34  __TI_CINIT_Limit               
00000e24  __TI_Handler_Table_Base        
00000e2c  __TI_Handler_Table_Limit       
000008a5  __TI_auto_init                 
20000064  __TI_cleanup_ptr               
00000915  __TI_decompress_lzss           
00000cdd  __TI_decompress_none           
20000068  __TI_dtors_ptr                 
2000006c  __TI_enable_exit_profile_output
ffffffff  __TI_pprof_out_hndl            
ffffffff  __TI_prof_data_size            
ffffffff  __TI_prof_data_start           
00000000  __TI_static_base__             
00000587  __aeabi_idiv0                  
0000078d  __aeabi_memcpy                 
0000078d  __aeabi_memcpy4                
0000078d  __aeabi_memcpy8                
00000b57  __aeabi_uidiv                  
00000b57  __aeabi_uidivmod               
ffffffff  __binit__                      
ffffffff  __c_args__                     
000008a3  __mpu_init                     
20000000  __stack                        
00000c7d  _args_main                     
000009d5  _c_int00                       
20000070  _lock                          
00000cb7  _nop                           
00000caf  _register_lock                 
00000ca9  _register_unlock               
00000b97  _system_post_cinit             
00000d11  _system_pre_init               
20000074  _unlock                        
00000a2d  abort                          
ffffffff  binit                          
00000a7d  copy_in                        
00000a35  exit                           
00000000  g_pfnVectors                   
0000026d  main                           
20000078  main_func_sp                   
0000078d  memcpy                         


GLOBAL SYMBOLS: SORTED BY Symbol Address 

address   name                           
-------   ----                           
00000000  __TI_static_base__             
00000000  g_pfnVectors                   
00000064  __STACK_SIZE                   
0000026d  main                           
00000455  GPIOPadConfigSet               
00000587  __aeabi_idiv0                  
00000589  SysCtlClockGet                 
00000699  SysCtlClockSet                 
0000078d  __aeabi_memcpy                 
0000078d  __aeabi_memcpy4                
0000078d  __aeabi_memcpy8                
0000078d  memcpy                         
00000829  ADCSequenceStepConfigure       
000008a3  __mpu_init                     
000008a5  __TI_auto_init                 
00000915  __TI_decompress_lzss           
0000097d  ADCSequenceConfigure           
000009d5  _c_int00                       
00000a29  C$$EXIT                        
00000a2d  abort                          
00000a35  exit                           
00000a7d  copy_in                        
00000ac9  GPIOPinConfigure               
00000b11  UARTConfigSetExpClk            
00000b57  __aeabi_uidiv                  
00000b57  __aeabi_uidivmod               
00000b97  _system_post_cinit             
00000b99  SysCtlPeripheralEnable         
00000bcd  ADCIntStatus                   
00000bfb  GPIODirModeSet                 
00000c25  UARTDisable                    
00000c45  ADCSequenceDataGet             
00000c63  ADCProcessorTrigger            
00000c7d  _args_main                     
00000c95  UARTEnable                     
00000ca9  _register_unlock               
00000caf  _register_lock                 
00000cb7  _nop                           
00000cbd  GPIOPinTypeUART                
00000ccf  ADCSequenceEnable              
00000cdd  __TI_decompress_none           
00000ceb  ResetISR                       
00000cf7  ADCIntClear                    
00000d01  UARTCharPut                    
00000d0b  SysCtlDelay                    
00000d11  _system_pre_init               
00000e24  __TI_Handler_Table_Base        
00000e2c  __TI_CINIT_Base                
00000e2c  __TI_Handler_Table_Limit       
00000e34  __TI_CINIT_Limit               
20000000  __stack                        
20000064  __STACK_END                    
20000064  __TI_cleanup_ptr               
20000068  __TI_dtors_ptr                 
2000006c  __TI_enable_exit_profile_output
20000070  _lock                          
20000074  _unlock                        
20000078  main_func_sp                   
20000200  __STACK_TOP                    
ffffffff  __TI_pprof_out_hndl            
ffffffff  __TI_prof_data_size            
ffffffff  __TI_prof_data_start           
ffffffff  __binit__                      
ffffffff  __c_args__                     
ffffffff  binit                          
UNDEFED   SHT$$INIT_ARRAY$$Base          
UNDEFED   SHT$$INIT_ARRAY$$Limit         

[67 symbols]
