******************************************************************************
                  TI ARM Linker Unix v17.6.0                   
******************************************************************************
>> Linked Fri Oct 20 01:02:24 2017

OUTPUT FILE NAME:   <project0.out>
ENTRY POINT SYMBOL: "_c_int00"  address: 00000d4d


MEMORY CONFIGURATION

         name            origin    length      used     unused   attr    fill
----------------------  --------  ---------  --------  --------  ----  --------
  FLASH                 00000000   00040000  00000fca  0003f036  R  X
  SRAM                  20000000   00008000  00000119  00007ee7  RW X


SEGMENT ALLOCATION MAP

run origin  load origin   length   init length attrs members
----------  ----------- ---------- ----------- ----- -------
00000000    00000000    00000fcc   00000fcc    r-x
  00000000    00000000    0000026c   0000026c    r-- .intvecs
  0000026c    0000026c    00000c26   00000c26    r-x .text
  00000e94    00000e94    00000114   00000114    r-- .const
  00000fa8    00000fa8    00000024   00000024    r-- .cinit
20000000    20000000    00000119   00000000    rw-
  20000000    20000000    00000100   00000000    rw- .stack
  20000100    20000100    00000019   00000000    rw- .data


SECTION ALLOCATION MAP

 output                                  attributes/
section   page    origin      length       input sections
--------  ----  ----------  ----------   ----------------
.intvecs   0    00000000    0000026c     
                  00000000    0000026c     startup_ccs.obj (.intvecs)

.text      0    0000026c    00000c26     
                  0000026c    000001ea     uartstdio.obj (.text:UARTvprintf)
                  00000456    00000002     startup_ccs.obj (.text:FaultISR)
                  00000458    000001c8     project0.obj (.text:main)
                  00000620    00000132     driverlib.lib : gpio.obj (.text:GPIOPadConfigSet)
                  00000752    00000002     startup_ccs.obj (.text:IntDefaultHandler)
                  00000754    00000110     driverlib.lib : sysctl.obj (.text:SysCtlClockGet)
                  00000864    000000f4                   : sysctl.obj (.text:SysCtlClockSet)
                  00000958    0000009c     rtsv7M4_T_le_v4SPD16_eabi.lib : memcpy_t2.obj (.text)
                  000009f4    00000070                                   : autoinit.obj (.text)
                  00000a64    00000068                                   : copy_decompress_lzss.obj (.text:decompress:lzss)
                  00000acc    00000060     uartstdio.obj (.text:UARTStdioConfig)
                  00000b2c    00000054     rtsv7M4_T_le_v4SPD16_eabi.lib : exit.obj (.text)
                  00000b80    0000004c                                   : cpy_tbl.obj (.text)
                  00000bcc    00000048     driverlib.lib : gpio.obj (.text:GPIOPinConfigure)
                  00000c14    00000048     uartstdio.obj (.text:UARTwrite)
                  00000c5c    00000040     project0.obj (.text:InitConsole)
                  00000c9c    00000040     rtsv7M4_T_le_v4SPD16_eabi.lib : u_divt2.obj (.text)
                  00000cdc    0000003c     driverlib.lib : ssi.obj (.text:SSIConfigSetExpClk)
                  00000d18    00000034                   : sysctl.obj (.text:SysCtlPeripheralEnable)
                  00000d4c    00000030     rtsv7M4_T_le_v4SPD16_eabi.lib : boot_cortex_m.obj (.text)
                  00000d7c    0000002a     driverlib.lib : gpio.obj (.text:GPIODirModeSet)
                  00000da6    0000001a     uartstdio.obj (.text:UARTprintf)
                  00000dc0    00000018     driverlib.lib : gpio.obj (.text:GPIOPinTypeGPIOOutput)
                  00000dd8    00000018     rtsv7M4_T_le_v4SPD16_eabi.lib : args_main.obj (.text)
                  00000df0    00000014                                   : _lock.obj (.text)
                  00000e04    00000012     driverlib.lib : gpio.obj (.text:GPIOPinTypeSSI)
                  00000e16    00000012                   : gpio.obj (.text:GPIOPinTypeUART)
                  00000e28    00000012                   : ssi.obj (.text:SSIDataGetNonBlocking)
                  00000e3a    0000000e     rtsv7M4_T_le_v4SPD16_eabi.lib : copy_decompress_none.obj (.text:decompress:none)
                  00000e48    0000000c     driverlib.lib : ssi.obj (.text:SSIDataGet)
                  00000e54    0000000a                   : ssi.obj (.text:SSIDataPut)
                  00000e5e    0000000a                   : ssi.obj (.text:SSIEnable)
                  00000e68    00000008                   : ssi.obj (.text:SSIBusy)
                  00000e70    00000006                   : gpio.obj (.text:GPIOPinWrite)
                  00000e76    00000006     startup_ccs.obj (.text:ResetISR)
                  00000e7c    00000006     driverlib.lib : ssi.obj (.text:SSIClockSourceSet)
                  00000e82    00000006                   : sysctl.obj (.text:SysCtlDelay)
                  00000e88    00000004     rtsv7M4_T_le_v4SPD16_eabi.lib : pre_init.obj (.text)
                  00000e8c    00000002     startup_ccs.obj (.text:NmiSR)
                  00000e8e    00000002     rtsv7M4_T_le_v4SPD16_eabi.lib : i_div0.obj (.text)
                  00000e90    00000002                                   : startup.obj (.text)

.const     0    00000e94    00000114     
                  00000e94    00000090     driverlib.lib : gpio.obj (.const:g_pui32GPIOBaseAddrs)
                  00000f24    0000006c                   : sysctl.obj (.const:g_pui32Xtals)
                  00000f90    0000000c     uartstdio.obj (.const:g_ui32UARTBase)
                  00000f9c    0000000c     uartstdio.obj (.const:g_ui32UARTPeriph)

.cinit     0    00000fa8    00000024     
                  00000fa8    00000011     (.cinit..data.load) [load image, compression = lzss]
                  00000fb9    00000003     --HOLE-- [fill = 0]
                  00000fbc    00000008     (__TI_handler_table)
                  00000fc4    00000008     (__TI_cinit_table)

.init_array 
*          0    00000000    00000000     UNINITIALIZED

.data      0    20000100    00000019     UNINITIALIZED
                  20000100    0000000c     rtsv7M4_T_le_v4SPD16_eabi.lib : exit.obj (.data:$O1$$)
                  2000010c    00000008                                   : _lock.obj (.data:$O1$$)
                  20000114    00000005     uartstdio.obj (.data)

.stack     0    20000000    00000100     UNINITIALIZED
                  20000000    00000004     rtsv7M4_T_le_v4SPD16_eabi.lib : boot_cortex_m.obj (.stack)
                  20000004    000000fc     --HOLE--

MODULE SUMMARY

       Module                     code   ro data   rw data
       ------                     ----   -------   -------
    ./
       uartstdio.obj              684    24        5      
       startup_ccs.obj            12     620       0      
       project0.obj               520    0         0      
    +--+--------------------------+------+---------+---------+
       Total:                     1216   644       5      
                                                          
    /Applications/ti/ccsv7/tools/compiler/ti-cgt-arm_17.6.0.STS/lib/rtsv7M4_T_le_v4SPD16_eabi.lib
       memcpy_t2.obj              156    0         0      
       autoinit.obj               112    0         0      
       copy_decompress_lzss.obj   104    0         0      
       exit.obj                   84     0         12     
       cpy_tbl.obj                76     0         0      
       u_divt2.obj                64     0         0      
       boot_cortex_m.obj          48     0         0      
       _lock.obj                  20     0         8      
       args_main.obj              24     0         0      
       copy_decompress_none.obj   14     0         0      
       pre_init.obj               4      0         0      
       i_div0.obj                 2      0         0      
       startup.obj                2      0         0      
    +--+--------------------------+------+---------+---------+
       Total:                     710    0         20     
                                                          
    /Users/venkim/ti/TivaWare_C_Series-2.1.3.156/driverlib/ccs/Debug/driverlib.lib
       sysctl.obj                 574    108       0      
       gpio.obj                   486    144       0      
       ssi.obj                    124    0         0      
    +--+--------------------------+------+---------+---------+
       Total:                     1184   252       0      
                                                          
       Stack:                     0      0         256    
       Linker Generated:          0      33        0      
    +--+--------------------------+------+---------+---------+
       Grand Total:               3110   929       281    


LINKER GENERATED COPY TABLES

__TI_cinit_table @ 00000fc4 records: 1, size/record: 8, table size: 8
	.data: load addr=00000fa8, load size=00000011 bytes, run addr=20000100, run size=00000019 bytes, compression=lzss


LINKER GENERATED HANDLER TABLE

__TI_handler_table @ 00000fbc records: 2, size/record: 4, table size: 8
	index: 0, handler: __TI_decompress_lzss
	index: 1, handler: __TI_decompress_none


GLOBAL SYMBOLS: SORTED ALPHABETICALLY BY Name 

address   name                           
-------   ----                           
00000b2d  C$$EXIT                        
00000d7d  GPIODirModeSet                 
00000621  GPIOPadConfigSet               
00000bcd  GPIOPinConfigure               
00000dc1  GPIOPinTypeGPIOOutput          
00000e05  GPIOPinTypeSSI                 
00000e17  GPIOPinTypeUART                
00000e71  GPIOPinWrite                   
00000c5d  InitConsole                    
00000e77  ResetISR                       
UNDEFED   SHT$$INIT_ARRAY$$Base          
UNDEFED   SHT$$INIT_ARRAY$$Limit         
00000e69  SSIBusy                        
00000e7d  SSIClockSourceSet              
00000cdd  SSIConfigSetExpClk             
00000e49  SSIDataGet                     
00000e29  SSIDataGetNonBlocking          
00000e55  SSIDataPut                     
00000e5f  SSIEnable                      
00000755  SysCtlClockGet                 
00000865  SysCtlClockSet                 
00000e83  SysCtlDelay                    
00000d19  SysCtlPeripheralEnable         
00000acd  UARTStdioConfig                
00000da7  UARTprintf                     
0000026d  UARTvprintf                    
00000c15  UARTwrite                      
20000100  __STACK_END                    
00000100  __STACK_SIZE                   
20000100  __STACK_TOP                    
00000fc4  __TI_CINIT_Base                
00000fcc  __TI_CINIT_Limit               
00000fbc  __TI_Handler_Table_Base        
00000fc4  __TI_Handler_Table_Limit       
000009f5  __TI_auto_init                 
20000100  __TI_cleanup_ptr               
00000a65  __TI_decompress_lzss           
00000e3b  __TI_decompress_none           
20000104  __TI_dtors_ptr                 
20000108  __TI_enable_exit_profile_output
ffffffff  __TI_pprof_out_hndl            
ffffffff  __TI_prof_data_size            
ffffffff  __TI_prof_data_start           
00000000  __TI_static_base__             
00000e8f  __aeabi_idiv0                  
00000959  __aeabi_memcpy                 
00000959  __aeabi_memcpy4                
00000959  __aeabi_memcpy8                
00000c9d  __aeabi_uidiv                  
00000c9d  __aeabi_uidivmod               
ffffffff  __binit__                      
ffffffff  __c_args__                     
UNDEFED   __mpu_init                     
20000000  __stack                        
00000dd9  _args_main                     
00000d4d  _c_int00                       
2000010c  _lock                          
00000dff  _nop                           
00000df7  _register_lock                 
00000df1  _register_unlock               
00000e91  _system_post_cinit             
00000e89  _system_pre_init               
20000110  _unlock                        
00000b31  abort                          
ffffffff  binit                          
00000b81  copy_in                        
00000b39  exit                           
00000000  g_pfnVectors                   
00000459  main                           
00000959  memcpy                         


GLOBAL SYMBOLS: SORTED BY Symbol Address 

address   name                           
-------   ----                           
00000000  __TI_static_base__             
00000000  g_pfnVectors                   
00000100  __STACK_SIZE                   
0000026d  UARTvprintf                    
00000459  main                           
00000621  GPIOPadConfigSet               
00000755  SysCtlClockGet                 
00000865  SysCtlClockSet                 
00000959  __aeabi_memcpy                 
00000959  __aeabi_memcpy4                
00000959  __aeabi_memcpy8                
00000959  memcpy                         
000009f5  __TI_auto_init                 
00000a65  __TI_decompress_lzss           
00000acd  UARTStdioConfig                
00000b2d  C$$EXIT                        
00000b31  abort                          
00000b39  exit                           
00000b81  copy_in                        
00000bcd  GPIOPinConfigure               
00000c15  UARTwrite                      
00000c5d  InitConsole                    
00000c9d  __aeabi_uidiv                  
00000c9d  __aeabi_uidivmod               
00000cdd  SSIConfigSetExpClk             
00000d19  SysCtlPeripheralEnable         
00000d4d  _c_int00                       
00000d7d  GPIODirModeSet                 
00000da7  UARTprintf                     
00000dc1  GPIOPinTypeGPIOOutput          
00000dd9  _args_main                     
00000df1  _register_unlock               
00000df7  _register_lock                 
00000dff  _nop                           
00000e05  GPIOPinTypeSSI                 
00000e17  GPIOPinTypeUART                
00000e29  SSIDataGetNonBlocking          
00000e3b  __TI_decompress_none           
00000e49  SSIDataGet                     
00000e55  SSIDataPut                     
00000e5f  SSIEnable                      
00000e69  SSIBusy                        
00000e71  GPIOPinWrite                   
00000e77  ResetISR                       
00000e7d  SSIClockSourceSet              
00000e83  SysCtlDelay                    
00000e89  _system_pre_init               
00000e8f  __aeabi_idiv0                  
00000e91  _system_post_cinit             
00000fbc  __TI_Handler_Table_Base        
00000fc4  __TI_CINIT_Base                
00000fc4  __TI_Handler_Table_Limit       
00000fcc  __TI_CINIT_Limit               
20000000  __stack                        
20000100  __STACK_END                    
20000100  __STACK_TOP                    
20000100  __TI_cleanup_ptr               
20000104  __TI_dtors_ptr                 
20000108  __TI_enable_exit_profile_output
2000010c  _lock                          
20000110  _unlock                        
ffffffff  __TI_pprof_out_hndl            
ffffffff  __TI_prof_data_size            
ffffffff  __TI_prof_data_start           
ffffffff  __binit__                      
ffffffff  __c_args__                     
ffffffff  binit                          
UNDEFED   SHT$$INIT_ARRAY$$Base          
UNDEFED   SHT$$INIT_ARRAY$$Limit         
UNDEFED   __mpu_init                     

[70 symbols]
